{
	"id": "[DC][prophetheus] product_views {\"apiKey\": \"chillibeans\"}",
	"status": "closed",
	"apiKey": "chillibeans",
	"type": "alert.warning.view.product.potentialFail",
	"data": {
		"alertId": "322b9d88-8343-4051-88b2-cba9e832272b-1542032414903",
		"message": "[DC][prophetheus] product_views {\"apiKey\": \"chillibeans\"}",
		"tags": [
			"dc-prophetheus",
			"atd",
			"int"
		],
		"tinyId": "6431",
		"entity": "",
		"createdAt": 1535461323437,
		"updatedAt": 1535461323437000000,
		"username": "Alert API",
		"userId": "",
		"description": "[DC][prophetheus] product_views {\"apiKey\": \"chillibeans\"}",
		"teams": [
			"afa919f9-5c24-4b55-b60e-2548bdda7abf",
			"e4e9ae6d-cec6-4cd1-9fb1-a4c4a710fc83"
		],
		"priority": "P3",
		"source": "dc-ops"
	}
}
