{
  "id": "ca051defcd802dc108d9d614d2b5002d9cdbffe92459e3bd7917ad01c8d191c3",
  "status": "closed",
  "apiKey": "saraiva-v5",
  "type": "alert.error.routine.full.crashed",
  "data": {
    "updatedAt": 1420452193166002000,
    "tags": [
      "tag1",
      "tag2"
    ],
    "teams": [
      "team1",
      "team2"
    ],
    "recipients": [
      "recipient1",
      "recipient2"
    ],
    "message": "[Prometheus]: [FIRING:1] search-routine-completa-crashed saraiva (cluster7-rotina-01 search-rotina prometheus-search P3 completa cri",
    "username": "fili@ifountain.com",
    "alertId": "052652ac-5d1c-464a-812a-7dd18bbfba8c",
    "source": "fili@ifountain.com",
    "tinyId": "23",
    "createdAt": 1420452191104,
    "userId": "daed1180-0ce8-438b-8f8e-57e1a5920a2d",
    "entity": ""
  }
}
