{
  "id": "851c85fc119e4c32b955f537d550da92c7d1009967353caa89dc4b31243cf16e",
  "status": "closed",
  "apiKey": "petlove",
  "type": "alert.warning.routine.partial.potentialFail",
  "data": {
    "updatedAt": 1420452193166002000,
    "tags": [
      "tag1",
      "tag2"
    ],
    "teams": [
      "team1",
      "team2"
    ],
    "recipients": [
      "recipient1",
      "recipient2"
    ],
    "message": "[Prometheus]: [FIRING:1] search-routine-parcial-potential-failed petlove (cluster4-rotina-01 search-rotina prometheus-search P1 pa",
    "username": "fili@ifountain.com",
    "alertId": "8e09f364-012c-4657-8129-42e041719898-1541657917128",
    "description": "Search Routine &apos;Parcial&apos; is missing from the last 1h. Search Routine &apos;Parcial&apos; is in potential failed for apikey petlove\n        Alerts Firing:\n        Labels:\n         - alertname = search-routine-parcial-potential-failed\n         - apikey = petlove\n         - instance = cluster4-rotina-01\n         - job = search-rotina\n         - lnc_team = prometheus-search\n         - priority = P1\n         - rotina = parcial\n         - severity = critical\n         - teams = atendimento\n        Annotations:\n         - description = Search Routine &apos;Parcial&apos; is missing from the last 1h.\n         - summary = Search Routine &apos;Parcial&apos; is in potential failed for apikey petlove\n        Source: http://745462c57121:9090/graph?g0.expr=changes%28search_rotina_status%7Bapikey%21~%22.%2A%28Undefined%7Cinactive%29.%2A%22%2Cinstance%3D~%22cluster.%2A%22%2Cjob%3D%22search-rotina%22%2Crotina%3D%22parcial%22%7D%5B6h%5D%29+%3D%3D+0&amp;g0.tab=1",
    "tinyId": "5423",
    "createdAt": 1420452191104,
    "userId": "daed1180-0ce8-438b-8f8e-57e1a5920a2d",
    "entity": ""
  }
}
