{
	"id": "[DC][prophetheus] transactions {\"apiKey\": \"natura\"}",
	"status": "open",
	"apiKey": "natura",
	"type": "alert.warning.view.transaction.potentialFail",
	"data": {
		"alertId": "00b66c3f-e786-4f7f-9d15-ad97f225cf4a-1535461323437",
		"message": "[DC][prophetheus] transactions {\"apiKey\": \"natura\"}",
		"tags": [
			"dc-prophetheus",
			"atd",
			"int"
		],
		"tinyId": "6431",
		"entity": "",
		"createdAt": 1535461323437,
		"details": {
			"checkTask": "transactions",
			"link": "http://prophetheus.dc.chaordicsystems.com:5000/details?task=transactions#group=%7B%22apiKey%22%3A+%22natura%22%7D&start=1539293347.01167&end=-1",
			"serie": "{\"apiKey\": \"natura\"}"
		},
		"updatedAt": 1535461323437000000,
		"username": "Alert API",
		"userId": "",
		"description": "Prophetheus: http://prophetheus.dc.chaordicsystems.com:5000/details?task=transactions#group=%7B%22apiKey%22%3A+%22natura%22%7D&start=1539293347.01167&end=-1 \n [DC][prophetheus] transactions {\"apiKey\": \"natura\"}",
		"teams": [
			"afa919f9-5c24-4b55-b60e-2548bdda7abf",
			"e4e9ae6d-cec6-4cd1-9fb1-a4c4a710fc83"
		],
		"priority": "P3",
		"source": "dc-ops"
	}
}
