{
	"id": "[DC][prophetheus] page_views {\"apiKey\": \"chillibeans\"}",
	"status": "open",
	"apiKey": "chillibeans",
	"type": "alert.warning.view.page.potentialFail",
	"data": {
		"alertId": "80ab888f-487f-480a-9148-e958f25b75d3-1541857819191",
		"description": "Prophetheus: http://prophetheus.dc.chaordicsystems.com:5000/details?task=page_views#group=%7B%22apiKey%22%3A+%22chillibeans%22%7D&start=1541850583.1279442&end=-1 \n [DC][prophetheus] page_views {\"apiKey\": \"chillibeans\"}",
		"tags": [
			"dc-prophetheus",
			"atd",
			"int"
		],
		"tinyId": "7330",
		"entity": "",
		"createdAt": 1535461323437,
		"details": {
			"checkTask": "page_views",
			"link": "http://prophetheus.dc.chaordicsystems.com:5000/details?task=page_views#group=%7B%22apiKey%22%3A+%22chillibeans%22%7D&start=1541850583.1279442&end=-1",
			"serie": "{\"apiKey\": \"chillibeans\"}"
		},
		"updatedAt": 1535461323437000000,
		"username": "Alert API",
		"userId": "",
		"message": "[DC][prophetheus] page_views {\"apiKey\": \"chillibeans\"}",
		"teams": [
			"afa919f9-5c24-4b55-b60e-2548bdda7abf",
			"e4e9ae6d-cec6-4cd1-9fb1-a4c4a710fc83"
		],
		"priority": "P3",
		"source": "dc-ops"
	}
}
