{
  "id": "88b0fb093489aeb0ba9db50f8786e61b89831cadc1c2ec44b7beac8beebef5d9",
  "status": "open",
  "apiKey": "arredo-uy",
  "type": "alert.warning.routine.full.potentialFail",
  "data": {
    "updatedAt": 1420452193166002000,
    "tags": [
      "tag1",
      "tag2"
    ],
    "teams": [
      "team1",
      "team2"
    ],
    "recipients": [
      "recipient1",
      "recipient2"
    ],
    "message": "[Prometheus]: [FIRING:1] search-routine-completa-potential-failed arredo-uy (cluster2-rotina-01 search-rotina prometheus-search P0",
    "username": "fili@ifountain.com",
    "alertId": "a8add50e-b2bc-4fcf-a371-52a17ab75e79-1541442368013",
    "details": {
      "alertname": "search-routine-completa-potential-failed",
      "apikey": "arredo-uy"
    },
    "description": "Search Routine 'Completa' is missing from the last 1h.. Search Routine 'Completa' is in potential failed for apikey arredo-uy\n        Alerts Firing:\n        Labels:\n        - alertname = search-routine-completa-potential-failed\n        - apikey = arredo-uy\n        - instance = cluster2-rotina-01\n        - job = search-rotina\n        - lnc_team = prometheus-search\n        - priority = P0\n        - rotina = completa\n        - severity = critical\n        - teams = atendimento\n        Annotations:\n        - description = Search Routine 'Completa' is missing from the last 1h..\n        - summary = Search Routine 'Completa' is in potential failed for apikey arredo-uy\n        Source: http://745462c57121:9090/graph?g0.expr=changes%28search_rotina_status%7Bapikey%21~%22.%2A%28Undefined%7Cinactive%29.%2A%22%2Cinstance%3D~%22cluster.%2A%22%2Cjob%3D%22search-rotina%22%2Crotina%3D%22completa%22%7D%5B30h%5D%29+%3D%3D+0&g0.tab=1",
    "tinyId": "5423",
    "createdAt": 1420452191104,
    "userId": "daed1180-0ce8-438b-8f8e-57e1a5920a2d",
    "entity": ""
  }
}
